▲ Next.js 16.1.5 (Turbopack)

  Creating an optimized production build ...
✓ Compiled successfully in 5.7s
  Running TypeScript ...
  Collecting page data using 7 workers ...
  Generating static pages using 7 workers (0/90) ...
LaTeX-incompatible input and strict mode is set to 'warn': Unrecognized Unicode character "₀" (8320) [unknownSymbol]
LaTeX-incompatible input and strict mode is set to 'warn': Unrecognized Unicode character "ρ" (961) [unknownSymbol]
LaTeX-incompatible input and strict mode is set to 'warn': Unrecognized Unicode character "³" (179) [unknownSymbol]
LaTeX-incompatible input and strict mode is set to 'warn': Unrecognized Unicode character "²" (178) [unknownSymbol]
No character metrics for '₀' in style 'Main-Regular' and mode 'text'
No character metrics for 'ρ' in style 'Main-Regular' and mode 'text'
No character metrics for '³' in style 'Main-Regular' and mode 'text'
No character metrics for '²' in style 'Main-Regular' and mode 'text'
LaTeX-incompatible input and strict mode is set to 'warn': Unrecognized Unicode character "₀" (8320) [unknownSymbol]
LaTeX-incompatible input and strict mode is set to 'warn': Unrecognized Unicode character "ρ" (961) [unknownSymbol]
LaTeX-incompatible input and strict mode is set to 'warn': Unrecognized Unicode character "³" (179) [unknownSymbol]
LaTeX-incompatible input and strict mode is set to 'warn': Unrecognized Unicode character "²" (178) [unknownSymbol]
No character metrics for '₀' in style 'Main-Regular' and mode 'text'
No character metrics for 'ρ' in style 'Main-Regular' and mode 'text'
No character metrics for '³' in style 'Main-Regular' and mode 'text'
No character metrics for '²' in style 'Main-Regular' and mode 'text'
LaTeX-incompatible input and strict mode is set to 'warn': Unrecognized Unicode character "₂" (8322) [unknownSymbol]
LaTeX-incompatible input and strict mode is set to 'warn': Unrecognized Unicode character "₂" (8322) [unknownSymbol]
LaTeX-incompatible input and strict mode is set to 'warn': Unrecognized Unicode character "→" (8594) [unknownSymbol]
LaTeX-incompatible input and strict mode is set to 'warn': Unrecognized Unicode character "₆" (8326) [unknownSymbol]
LaTeX-incompatible input and strict mode is set to 'warn': Unrecognized Unicode character "₁" (8321) [unknownSymbol]
LaTeX-incompatible input and strict mode is set to 'warn': Unrecognized Unicode character "₂" (8322) [unknownSymbol]
LaTeX-incompatible input and strict mode is set to 'warn': Unrecognized Unicode character "₆" (8326) [unknownSymbol]
LaTeX-incompatible input and strict mode is set to 'warn': Unrecognized Unicode character "₂" (8322) [unknownSymbol]
No character metrics for '₂' in style 'Main-Regular' and mode 'text'
No character metrics for '₂' in style 'Main-Regular' and mode 'text'
No character metrics for '₆' in style 'Main-Regular' and mode 'text'
No character metrics for '₁' in style 'Main-Regular' and mode 'text'
No character metrics for '₂' in style 'Main-Regular' and mode 'text'
No character metrics for '₆' in style 'Main-Regular' and mode 'text'
No character metrics for '₂' in style 'Main-Regular' and mode 'text'
LaTeX-incompatible input and strict mode is set to 'warn': Unrecognized Unicode character "₂" (8322) [unknownSymbol]
LaTeX-incompatible input and strict mode is set to 'warn': Accented Unicode text character "ä" used in math mode [unicodeTextInMathMode]
LaTeX-incompatible input and strict mode is set to 'warn': Accented Unicode text character "ü" used in math mode [unicodeTextInMathMode]
LaTeX-incompatible input and strict mode is set to 'warn': Unrecognized Unicode character "₂" (8322) [unknownSymbol]
LaTeX-incompatible input and strict mode is set to 'warn': Unrecognized Unicode character "→" (8594) [unknownSymbol]
LaTeX-incompatible input and strict mode is set to 'warn': Unrecognized Unicode character "₆" (8326) [unknownSymbol]
LaTeX-incompatible input and strict mode is set to 'warn': Unrecognized Unicode character "₁" (8321) [unknownSymbol]
LaTeX-incompatible input and strict mode is set to 'warn': Unrecognized Unicode character "₂" (8322) [unknownSymbol]
LaTeX-incompatible input and strict mode is set to 'warn': Unrecognized Unicode character "₆" (8326) [unknownSymbol]
LaTeX-incompatible input and strict mode is set to 'warn': Unrecognized Unicode character "₂" (8322) [unknownSymbol]
No character metrics for '₂' in style 'Main-Regular' and mode 'text'
No character metrics for '₂' in style 'Main-Regular' and mode 'text'
No character metrics for '₆' in style 'Main-Regular' and mode 'text'
No character metrics for '₁' in style 'Main-Regular' and mode 'text'
No character metrics for '₂' in style 'Main-Regular' and mode 'text'
No character metrics for '₆' in style 'Main-Regular' and mode 'text'
No character metrics for '₂' in style 'Main-Regular' and mode 'text'
LaTeX-incompatible input and strict mode is set to 'warn': Accented Unicode text character "ä" used in math mode [unicodeTextInMathMode]
LaTeX-incompatible input and strict mode is set to 'warn': Accented Unicode text character "ü" used in math mode [unicodeTextInMathMode]
  Generating static pages using 7 workers (22/90) 
LaTeX-incompatible input and strict mode is set to 'warn': Unrecognized Unicode character "→" (8594) [unknownSymbol]
LaTeX-incompatible input and strict mode is set to 'warn': Unrecognized Unicode character "→" (8594) [unknownSymbol]
  Generating static pages using 7 workers (44/90) 
  Generating static pages using 7 workers (67/90) 
✓ Generating static pages using 7 workers (90/90) in 559.7ms
  Finalizing page optimization ...

Route (app)
┌ ○ /
├ ○ /_not-found
├ ○ /chamber/em1-01
├ ○ /chamber/em2-01
├ ○ /chamber/gb1-01
├ ○ /chamber/gb2-01
├ ○ /chamber/gb3-01
├ ○ /chamber/gb3-02
├ ○ /chamber/gc1-01
├ ○ /chamber/gc1-02
├ ○ /chamber/gc2-01
├ ○ /chamber/gc3-01
├ ○ /chamber/gc3-02
├ ○ /chamber/gm1-01
├ ○ /chamber/gm1-01-advanced
├ ○ /chamber/gm2-01
├ ○ /chamber/gm3-01
├ ○ /chamber/gm4-01
├ ○ /chamber/gp1-01
├ ○ /chamber/gp1-02
├ ○ /chamber/gp1-03
├ ○ /chamber/gp1-04
├ ○ /chamber/gp2-01
├ ○ /chamber/gp2-02
├ ○ /chamber/gp2-03
├ ○ /chamber/gp2-04
├ ○ /chamber/gp2-05
├ ○ /chamber/sb1-01
├ ○ /chamber/sb1-01-metabolic
├ ○ /chamber/sb1-02
├ ○ /chamber/sb2-01-tissues
├ ○ /chamber/sb2-02
├ ○ /chamber/sb2-02-body-systems
├ ○ /chamber/sb2-03
├ ○ /chamber/sb3-01
├ ○ /chamber/sc1-01
├ ○ /chamber/sc1-02
├ ○ /chamber/sc1-03
├ ○ /chamber/sc1-04
├ ○ /chamber/sc1-05
├ ○ /chamber/sc2-01
├ ○ /chamber/sc2-02
├ ○ /chamber/sc2-03
├ ○ /chamber/sc2-04
├ ○ /chamber/sc3-01
├ ○ /chamber/sc3-02
├ ○ /chamber/sc3-03
├ ○ /chamber/sc3-04
├ ○ /chamber/sc3-05
├ ○ /chamber/sm1-01
├ ○ /chamber/sm1-02
├ ○ /chamber/sm1-03
├ ○ /chamber/sm1-04
├ ○ /chamber/sm1-05
├ ○ /chamber/sm2-01
├ ○ /chamber/sm2-02
├ ○ /chamber/sm2-03
├ ○ /chamber/sm2-04
├ ○ /chamber/sm2-05
├ ○ /chamber/sm2-06
├ ○ /chamber/sm2-07
├ ○ /chamber/sm2-08
├ ○ /chamber/sm2-10
├ ○ /chamber/sm3-01
├ ○ /chamber/sm3-02
├ ○ /chamber/sm3-03
├ ○ /chamber/sm3-04
├ ○ /chamber/sm3-05
├ ○ /chamber/sp1-01
├ ○ /chamber/sp1-02
├ ○ /chamber/sp1-03
├ ○ /chamber/sp1-04
├ ○ /chamber/sp1-05
├ ○ /chamber/sp1-06
├ ○ /chamber/sp1-07
├ ○ /chamber/sp1-08
├ ○ /chamber/sp2-01
├ ○ /chamber/sp2-02
├ ○ /chamber/sp2-03
├ ○ /chamber/sp3-01
├ ○ /chamber/sp3-02
├ ○ /chamber/sp3-03
├ ○ /chamber/sp3-04
├ ○ /chamber/sp3-05
├ ○ /chamber/sp3-06
├ ○ /profile
├ ○ /sb1-03
└ ○ /sc1-05


○  (Static)  prerendered as static content

